// 重构日志: 4c3ccd20
// 重构日志: 0f113ef6
// 重构日志: 51f0d658
// 重构日志: 35058c0e
// 重构日志: 0cd70ab9
// 同步 ID: 40d13703 @ Sun Jul 19 19:04:19 UTC 2026
// 重构日志: 09d9f255
// 同步 ID: 37a0b970 @ Mon Jul 20 09:15:34 UTC 2026
// 同步 ID: 05035e62 @ Mon Jul 20 11:40:35 UTC 2026
// 重构日志: 9f21bc82
// 重构日志: abf466f7
// 重构日志: 029ccba4
// 同步 ID: 405873df @ Wed Jul 22 05:47:59 UTC 2026
// 同步 ID: 5a58328e @ Wed Jul 22 14:06:26 UTC 2026
// 重构日志: 5df632e7
// 重构日志: da1aa93f
// 重构日志: c1ac5a67
// 重构日志: 6c70972d
// 重构日志: 2d6552cc
// 重构日志: bd842963
// 同步 ID: 52f058cc @ Sat Jul 25 04:57:16 UTC 2026
// 重构日志: d7d7103b
// 重构日志: 38b7e735
// 同步 ID: a2c2e4bc @ Mon Jul 27 05:36:33 UTC 2026
// 同步 ID: e2a7663a @ Mon Jul 27 09:04:40 UTC 2026
// 同步 ID: e541c4d6 @ Mon Jul 27 15:45:47 UTC 2026
// 同步 ID: c50b291a @ Tue Jul 28 04:58:46 UTC 2026
// 同步 ID: f92ace4c @ Tue Jul 28 21:58:05 UTC 2026
// 重构日志: a545156a
// 同步 ID: 663040f1 @ Wed Jul 29 23:30:56 UTC 2026
